// Jest Snapshot v1, https://goo.gl/fbAQLP

exports[`<AgileCard/> should render snapshot 1`] = `
<View
  style={
    Array [
      Object {
        "backgroundColor": "#f6f6f6",
        "borderRadius": 6,
        "flexDirection": "column",
        "height": 131,
        "marginBottom": 8,
        "marginRight": 16,
        "padding": 8,
      },
      undefined,
      undefined,
      undefined,
    ]
  }
>
  <View
    style={
      Object {
        "alignItems": "center",
        "flexDirection": "row",
        "justifyContent": "space-between",
      }
    }
  >
    <View
      style={
        Object {
          "color": "#737577",
          "flexDirection": "row",
          "flexGrow": 0,
          "flexShrink": 0,
          "fontSize": 14,
          "letterSpacing": -0.17,
        }
      }
    >
      <ColorField
        color={
          Object {
            "background": "#000",
            "foreground": "#FFF",
            "id": 4,
          }
        }
        fullText={true}
        style={
          Object {
            "paddingLeft": 4,
            "paddingRight": 4,
            "width": null,
          }
        }
        text="TT-123"
      />
    </View>
    <View
      style={
        Object {
          "flexDirection": "row",
        }
      }
    />
  </View>
  <Text
    numberOfLines={3}
    style={
      Object {
        "color": "#1f2326",
        "flex": 1,
        "fontSize": 16,
        "fontWeight": "500",
        "letterSpacing": -0.19,
        "lineHeight": 20,
        "marginTop": 8,
      }
    }
    testID="card-summary"
  >
    issue summary
  </Text>
  <Tags
    onTagPress={[Function]}
    style={
      Object {
        "marginTop": 8,
      }
    }
  />
</View>
`;
